<html>
<body>
<pre>
<h1>µVision Build Log</h1>
<h2>Tool Versions:</h2>
IDE-Version: ¶ÃVision V5.27.1.0
Copyright (C) 2019 ARM Ltd and ARM Germany GmbH. All rights reserved.
License Information: 1 1, 1, LIC=IK1BF-6GBYC-VESHA-1DDPY-Z5PI2-LKTLM
 
Tool Versions:
Toolchain:       MDK-ARM Plus  Version: 5.27.1.0
Toolchain Path:  D:\Keil_v5\ARM\ARMCC\Bin
C Compiler:      Armcc.exe V5.06 update 6 (build 750)
Assembler:       Armasm.exe V5.06 update 6 (build 750)
Linker/Locator:  ArmLink.exe V5.06 update 6 (build 750)
Library Manager: ArmAr.exe V5.06 update 6 (build 750)
Hex Converter:   FromElf.exe V5.06 update 6 (build 750)
CPU DLL:         SARMCM3.DLL V5.27.1.0
Dialog DLL:      DCM.DLL V1.17.2.0
Target DLL:      STLink\ST-LINKIII-KEIL_SWO.dll V3.0.6.0
Dialog DLL:      TCM.DLL V1.36.1.0
 
<h2>Project:</h2>
C:\Users\15754\Desktop\WearaUltraTherapy_ULT200 (1)\MDK-ARM\WeaUltraTherapyLCD.uvprojx
Project File Date:  06/30/2025

<h2>Output:</h2>
*** Using Compiler 'V5.06 update 6 (build 750)', folder: 'D:\Keil_v5\ARM\ARMCC\Bin'
Rebuild target 'WeaUltraTherapyLCD'
assembling startup_stm32f429xx.s...
compiling dma2d.c...
compiling dma.c...
compiling fmc.c...
compiling stm32f4xx_ll_adc.c...
compiling system_stm32f4xx.c...
compiling ltdc.c...
compiling stm32f4xx_hal_timebase_tim.c...
compiling stm32f4xx_it.c...
compiling adc.c...
compiling stm32f4xx_hal_msp.c...
compiling gpio.c...
compiling iwdg.c...
compiling usart.c...
compiling tim.c...
compiling main.c...
compiling freertos.c...
../Core/Src/freertos.c(227): warning:  #177-D: variable "BatLevelInitFlg"  was declared but never referenced
  	static uint8_t BatLevelInitFlg = 0;
../Core/Src/freertos.c: 1 warning, 0 errors
compiling stm32f4xx_hal_adc.c...
compiling stm32f4xx_hal_dma.c...
compiling stm32f4xx_hal_adc_ex.c...
compiling stm32f4xx_hal_flash.c...
compiling stm32f4xx_hal_flash_ramfunc.c...
compiling stm32f4xx_hal_pwr.c...
compiling stm32f4xx_hal_flash_ex.c...
compiling stm32f4xx_hal_pwr_ex.c...
compiling stm32f4xx_hal_cortex.c...
compiling stm32f4xx_hal_gpio.c...
compiling stm32f4xx_hal_dma_ex.c...
compiling croutine.c...
compiling event_groups.c...
compiling list.c...
compiling stm32f4xx_hal_rcc_ex.c...
compiling stm32f4xx_hal_rcc.c...
compiling stream_buffer.c...
compiling queue.c...
compiling tasks.c...
compiling timers.c...
compiling heap_4.c...
compiling stm32f4xx_hal.c...
compiling port.c...
compiling lv_disp.c...
compiling lv_event.c...
..\Middlewares\LVGL\GUI\lvgl\src\core\lv_event.c(120): warning:  #188-D: enumerated type mixed with another type
      return e->code & ~LV_EVENT_PREPROCESS;
..\Middlewares\LVGL\GUI\lvgl\src\core\lv_event.c: 1 warning, 0 errors
compiling stm32f4xx_hal_exti.c...
compiling lv_group.c...
compiling lv_indev.c...
compiling lv_indev_scroll.c...
compiling lv_obj_class.c...
compiling lv_obj_draw.c...
..\Middlewares\LVGL\GUI\lvgl\src\core\lv_obj_draw.c(393): warning:  #188-D: enumerated type mixed with another type
      if(obj->spec_attr) return obj->spec_attr->layer_type;
..\Middlewares\LVGL\GUI\lvgl\src\core\lv_obj_draw.c: 1 warning, 0 errors
compiling lv_obj_pos.c...
compiling lv_obj_scroll.c...
compiling lv_obj_style.c...
compiling lv_obj_style_gen.c...
compiling lv_obj_tree.c...
compiling stm32f4xx_hal_dma2d.c...
compiling lv_refr.c...
compiling lv_theme.c...
compiling lv_draw.c...
compiling lv_draw_arc.c...
compiling stm32f4xx_hal_sdram.c...
compiling lv_draw_img.c...
compiling lv_draw_label.c...
compiling stm32f4xx_hal_ltdc_ex.c...
compiling lv_obj.c...
compiling lv_draw_layer.c...
compiling lv_draw_line.c...
compiling lv_draw_mask.c...
compiling stm32f4xx_hal_dsi.c...
compiling lv_draw_rect.c...
compiling lv_draw_transform.c...
compiling lv_draw_triangle.c...
compiling lv_img_buf.c...
compiling lv_img_cache.c...
compiling stm32f4xx_ll_fmc.c...
compiling lv_img_decoder.c...
compiling lv_draw_sw.c...
compiling lv_draw_sw_dither.c...
compiling lv_draw_sw_arc.c...
compiling stm32f4xx_hal_ltdc.c...
compiling lv_draw_sw_gradient.c...
compiling stm32f4xx_hal_iwdg.c...
compiling lv_draw_sw_blend.c...
compiling lv_draw_sw_img.c...
compiling lv_draw_sw_layer.c...
compiling lv_draw_sw_letter.c...
compiling lv_draw_sw_line.c...
compiling stm32f4xx_hal_tim_ex.c...
compiling lv_draw_sw_polygon.c...
compiling lv_fragment.c...
compiling lv_draw_sw_transform.c...
compiling lv_fragment_manager.c...
compiling lv_flex.c...
compiling lv_draw_sw_rect.c...
..\Middlewares\LVGL\GUI\lvgl\src\draw\sw\lv_draw_sw_rect.c(238): warning:  #546-D: transfer of control bypasses initialization of:
            variable "mask_any_center"  (declared at line 285)
          goto bg_clean_up;
          ^
..\Middlewares\LVGL\GUI\lvgl\src\draw\sw\lv_draw_sw_rect.c: 1 warning, 0 errors
compiling lv_grid.c...
..\Middlewares\LVGL\GUI\lvgl\src\extra\layouts\grid\lv_grid.c(591): warning:  #188-D: enumerated type mixed with another type
      lv_grid_align_t col_align = get_cell_col_align(item);
..\Middlewares\LVGL\GUI\lvgl\src\extra\layouts\grid\lv_grid.c(592): warning:  #188-D: enumerated type mixed with another type
      lv_grid_align_t row_align = get_cell_row_align(item);
..\Middlewares\LVGL\GUI\lvgl\src\extra\layouts\grid\lv_grid.c: 2 warnings, 0 errors
compiling lv_gridnav.c...
compiling lv_ime_pinyin.c...
compiling lv_imgfont.c...
compiling lv_msg.c...
compiling lv_monkey.c...
compiling lv_snapshot.c...
compiling lv_theme_basic.c...
compiling lv_animimg.c...
compiling lv_calendar_header_arrow.c...
compiling lv_theme_mono.c...
compiling lv_calendar.c...
compiling lv_theme_default.c...
..\Middlewares\LVGL\GUI\lvgl\src\extra\themes\default\lv_theme_default.c(213): warning:  #188-D: enumerated type mixed with another type
..\Middlewares\LVGL\GUI\lvgl\src\extra\themes\default\lv_theme_default.c: 1 warning, 0 errors
compiling lv_calendar_header_dropdown.c...
compiling stm32f4xx_hal_tim.c...
compiling lv_imgbtn.c...
compiling lv_colorwheel.c...
compiling lv_chart.c...
compiling lv_keyboard.c...
compiling lv_list.c...
compiling stm32f4xx_hal_uart.c...
compiling lv_menu.c...
compiling lv_led.c...
compiling lv_msgbox.c...
compiling lv_meter.c...
compiling lv_spinbox.c...
compiling lv_span.c...
..\Middlewares\LVGL\GUI\lvgl\src\extra\widgets\span\lv_span.c(901): warning:  #546-D: transfer of control bypasses initialization of:
            variable "align"  (declared at line 905)
              goto Next_line_init;
              ^
..\Middlewares\LVGL\GUI\lvgl\src\extra\widgets\span\lv_span.c: 1 warning, 0 errors
compiling cmsis_os2.c...
compiling lv_spinner.c...
compiling lv_tileview.c...
compiling lv_tabview.c...
compiling lv_font.c...
compiling lv_win.c...
compiling lv_extra.c...
compiling lv_font_fmt_txt.c...
..\Middlewares\LVGL\GUI\lvgl\src\font\lv_font_fmt_txt.c(137): warning:  #111-D: statement is unreachable
      return NULL;
..\Middlewares\LVGL\GUI\lvgl\src\font\lv_font_fmt_txt.c: 1 warning, 0 errors
compiling lv_port_disp_template.c...
compiling lv_font_dejavu_16_persian_hebrew.c...
compiling lv_port_indev_template.c...
compiling lv_font_loader.c...
compiling lv_font_montserrat_8.c...
compiling lv_font_montserrat_10.c...
compiling lv_font_montserrat_12.c...
compiling lv_font_montserrat_12_subpx.c...
compiling lv_font_montserrat_14.c...
compiling lv_font_montserrat_16.c...
compiling lv_font_montserrat_18.c...
compiling lv_font_montserrat_20.c...
compiling lv_font_montserrat_22.c...
compiling lv_font_montserrat_24.c...
compiling lv_font_montserrat_26.c...
compiling lv_font_montserrat_28.c...
compiling lv_font_montserrat_28_compressed.c...
compiling lv_font_montserrat_30.c...
compiling lv_font_montserrat_32.c...
compiling lv_font_montserrat_36.c...
compiling lv_font_montserrat_34.c...
compiling lv_font_montserrat_38.c...
compiling lv_font_montserrat_40.c...
compiling lv_font_montserrat_42.c...
compiling lv_font_montserrat_44.c...
compiling lv_draw_sdl.c...
compiling lv_draw_sdl_arc.c...
compiling lv_font_montserrat_46.c...
compiling lv_draw_sdl_bg.c...
compiling lv_font_montserrat_48.c...
compiling lv_draw_sdl_composite.c...
compiling lv_font_simsun_16_cjk.c...
compiling lv_font_unscii_8.c...
compiling lv_font_unscii_16.c...
compiling lv_draw_sdl_img.c...
compiling lv_draw_sdl_label.c...
compiling lv_draw_sdl_layer.c...
compiling lv_draw_sdl_line.c...
compiling lv_draw_sdl_mask.c...
compiling lv_draw_sdl_polygon.c...
compiling lv_draw_sdl_rect.c...
compiling lv_draw_sdl_stack_blur.c...
compiling lv_draw_sdl_texture_cache.c...
compiling lv_draw_sdl_utils.c...
compiling lv_hal_tick.c...
..\Middlewares\LVGL\GUI\lvgl\src\hal\lv_hal_tick.c(77): warning:  #223-D: function "xTaskGetTickCount" declared implicitly
      return LV_TICK_CUSTOM_SYS_TIME_EXPR;
..\Middlewares\LVGL\GUI\lvgl\src\hal\lv_hal_tick.c: 1 warning, 0 errors
compiling lv_anim.c...
compiling lv_hal_indev.c...
compiling lv_anim_timeline.c...
compiling lv_async.c...
compiling lv_bidi.c...
compiling lv_area.c...
compiling lv_color.c...
compiling lv_fs.c...
compiling lv_gc.c...
compiling lv_ll.c...
compiling lv_log.c...
compiling lv_lru.c...
..\Middlewares\LVGL\GUI\lvgl\src\misc\lv_lru.c(241): warning:  #68-D: integer conversion resulted in a change of sign
      uint32_t i = 0, min_index = -1;
..\Middlewares\LVGL\GUI\lvgl\src\misc\lv_lru.c(242): warning:  #68-D: integer conversion resulted in a change of sign
      uint64_t min_access_count = -1;
..\Middlewares\LVGL\GUI\lvgl\src\misc\lv_lru.c: 2 warnings, 0 errors
compiling lv_math.c...
compiling lv_mem.c...
..\Middlewares\LVGL\GUI\lvgl\src\misc\lv_mem.c(325): warning:  #111-D: statement is unreachable
      return NULL;
..\Middlewares\LVGL\GUI\lvgl\src\misc\lv_mem.c: 1 warning, 0 errors
compiling lv_printf.c...
compiling lv_templ.c...
compiling lv_style.c...
..\Middlewares\LVGL\GUI\lvgl\src\misc\lv_style.c(214): warning:  #188-D: enumerated type mixed with another type
      return last_custom_prop_id;
..\Middlewares\LVGL\GUI\lvgl\src\misc\lv_style.c(219): warning:  #188-D: enumerated type mixed with another type
      return last_custom_prop_id - _LV_STYLE_LAST_BUILT_IN_PROP;
..\Middlewares\LVGL\GUI\lvgl\src\misc\lv_style.c(290): warning:  #188-D: enumerated type mixed with another type
      lv_style_set_prop_internal(style, prop | meta, null_style_value, lv_style_set_prop_meta_helper);
..\Middlewares\LVGL\GUI\lvgl\src\misc\lv_style.c: 3 warnings, 0 errors
compiling lv_style_gen.c...
compiling lv_timer.c...
compiling lv_tlsf.c...
..\Middlewares\LVGL\GUI\lvgl\src\misc\lv_tlsf.c(898): warning:  #68-D: integer conversion resulted in a change of sign
          offset_to_block(pool, -(int)block_header_overhead);
..\Middlewares\LVGL\GUI\lvgl\src\misc\lv_tlsf.c(1000): warning:  #68-D: integer conversion resulted in a change of sign
      block = offset_to_block(mem, -(tlsfptr_t)block_header_overhead);
..\Middlewares\LVGL\GUI\lvgl\src\misc\lv_tlsf.c(1018): warning:  #68-D: integer conversion resulted in a change of sign
      block_header_t * block = offset_to_block(pool, -(int)block_header_overhead);
..\Middlewares\LVGL\GUI\lvgl\src\misc\lv_tlsf.c: 3 warnings, 0 errors
compiling lv_utils.c...
compiling lv_txt_ap.c...
compiling lv_txt.c...
compiling lv_btn.c...
compiling lv_bar.c...
compiling lv_arc.c...
compiling lv_canvas.c...
compiling lv_checkbox.c...
compiling lv_btnmatrix.c...
compiling lv_img.c...
compiling lv_dropdown.c...
compiling lv_objx_templ.c...
compiling lv_line.c...
compiling lv_label.c...
compiling lv_roller.c...
compiling lv_slider.c...
compiling lv_switch.c...
compiling lv_table.c...
compiling lv_textarea.c...
compiling _battery_1_61x31.c...
compiling _back_154x68.c...
compiling _erro_75x75.c...
compiling _freq_38x38.c...
compiling _erro_88x88.c...
compiling _light_38x38.c...
compiling _locked_88x88.c...
compiling _param_38x38.c...
compiling _save_154x68.c...
compiling _pressing2_181x100.c...
compiling _pressed_406x100.c...
compiling _success_75x75.c...
compiling _vibra_38x38.c...
compiling custom.c...
compiling gui_guider.c...
compiling setup_scr_boot.c...
compiling setup_scr_charge.c...
compiling setup_scr_freq.c...
..\Middlewares\LVGL\GUI_APP\setup_scr_freq.c(232): warning:  #870-D: invalid multibyte character sequence
      lv_label_set_text(ui->freq_back_label, " Ëø?     Âõ? ");
..\Middlewares\LVGL\GUI_APP\setup_scr_freq.c(232): warning:  #870-D: invalid multibyte character sequence
      lv_label_set_text(ui->freq_back_label, " Ëø?     Âõ? ");
..\Middlewares\LVGL\GUI_APP\setup_scr_freq.c(257): warning:  #870-D: invalid multibyte character sequence
      lv_label_set_text(ui->freq_save_label, " ‰ø?     Â≠? ");
..\Middlewares\LVGL\GUI_APP\setup_scr_freq.c(257): warning:  #870-D: invalid multibyte character sequence
      lv_label_set_text(ui->freq_save_label, " ‰ø?     Â≠? ");
..\Middlewares\LVGL\GUI_APP\setup_scr_freq.c: 4 warnings, 0 errors
compiling setup_scr_config.c...
..\Middlewares\LVGL\GUI_APP\setup_scr_config.c(301): warning:  #870-D: invalid multibyte character sequence
      lv_label_set_text(ui->config_lock_on_label, "          Èî?                          ÂÆ? ");
..\Middlewares\LVGL\GUI_APP\setup_scr_config.c(301): warning:  #870-D: invalid multibyte character sequence
      lv_label_set_text(ui->config_lock_on_label, "          Èî?                          ÂÆ? ");
..\Middlewares\LVGL\GUI_APP\setup_scr_config.c(324): warning:  #870-D: invalid multibyte character sequence
      lv_label_set_text(ui->config_back_label, " Ëø?     Âõ? ");
..\Middlewares\LVGL\GUI_APP\setup_scr_config.c(324): warning:  #870-D: invalid multibyte character sequence
      lv_label_set_text(ui->config_back_label, " Ëø?     Âõ? ");
..\Middlewares\LVGL\GUI_APP\setup_scr_config.c(452): warning:  #870-D: invalid multibyte character sequence
      lv_label_set_text(ui->config_label_5, " Ôº? ");
..\Middlewares\LVGL\GUI_APP\setup_scr_config.c(475): warning:  #870-D: invalid multibyte character sequence
      lv_label_set_text(ui->config_label_6, " Ôº? ");
..\Middlewares\LVGL\GUI_APP\setup_scr_config.c(498): warning:  #870-D: invalid multibyte character sequence
      lv_label_set_text(ui->config_label_7, " Ôº? ");
..\Middlewares\LVGL\GUI_APP\setup_scr_config.c(521): warning:  #870-D: invalid multibyte character sequence
      lv_label_set_text(ui->config_label_8, " Ôº? ");
..\Middlewares\LVGL\GUI_APP\setup_scr_config.c: 8 warnings, 0 errors
compiling lv_hal_disp.c...
..\Middlewares\LVGL\GUI\lvgl\src\hal\lv_hal_disp.c(582): warning:  #188-D: enumerated type mixed with another type
      return disp->driver->rotated;
..\Middlewares\LVGL\GUI\lvgl\src\hal\lv_hal_disp.c: 1 warning, 0 errors
compiling setup_scr_light.c...
..\Middlewares\LVGL\GUI_APP\setup_scr_light.c(281): warning:  #870-D: invalid multibyte character sequence
      lv_label_set_text(ui->light_back_label, " Ëø?     Âõ? ");
..\Middlewares\LVGL\GUI_APP\setup_scr_light.c(281): warning:  #870-D: invalid multibyte character sequence
      lv_label_set_text(ui->light_back_label, " Ëø?     Âõ? ");
..\Middlewares\LVGL\GUI_APP\setup_scr_light.c(306): warning:  #870-D: invalid multibyte character sequence
      lv_label_set_text(ui->light_save_label, " ‰ø?     Â≠? ");
..\Middlewares\LVGL\GUI_APP\setup_scr_light.c(306): warning:  #870-D: invalid multibyte character sequence
      lv_label_set_text(ui->light_save_label, " ‰ø?     Â≠? ");
..\Middlewares\LVGL\GUI_APP\setup_scr_light.c: 4 warnings, 0 errors
compiling setup_scr_main.c...
..\Middlewares\LVGL\GUI_APP\setup_scr_main.c(275): warning:  #870-D: invalid multibyte character sequence
      lv_label_set_text(ui->main_label_4, " Â£∞ÂäüÁé?: ");
..\Middlewares\LVGL\GUI_APP\setup_scr_main.c(356): warning:  #870-D: invalid multibyte character sequence
      lv_label_set_text(ui->main_stop_label, " ÂÅ? Ê≠? ");
..\Middlewares\LVGL\GUI_APP\setup_scr_main.c(356): warning:  #870-D: invalid multibyte character sequence
      lv_label_set_text(ui->main_stop_label, " ÂÅ? Ê≠? ");
..\Middlewares\LVGL\GUI_APP\setup_scr_main.c(381): warning:  #870-D: invalid multibyte character sequence
      lv_label_set_text(ui->main_pause_label, " Êö? ÂÅ? ");
..\Middlewares\LVGL\GUI_APP\setup_scr_main.c(381): warning:  #870-D: invalid multibyte character sequence
      lv_label_set_text(ui->main_pause_label, " Êö? ÂÅ? ");
..\Middlewares\LVGL\GUI_APP\setup_scr_main.c(406): warning:  #870-D: invalid multibyte character sequence
      lv_label_set_text(ui->main_continue_label, " Áª? Áª? ");
..\Middlewares\LVGL\GUI_APP\setup_scr_main.c(406): warning:  #870-D: invalid multibyte character sequence
      lv_label_set_text(ui->main_continue_label, " Áª? Áª? ");
..\Middlewares\LVGL\GUI_APP\setup_scr_main.c(431): warning:  #870-D: invalid multibyte character sequence
      lv_label_set_text(ui->main_ulock_label, "      Èï? Êå? Ëß? Èî? ");
..\Middlewares\LVGL\GUI_APP\setup_scr_main.c(431): warning:  #870-D: invalid multibyte character sequence
      lv_label_set_text(ui->main_ulock_label, "      Èï? Êå? Ëß? Èî? ");
..\Middlewares\LVGL\GUI_APP\setup_scr_main.c(431): warning:  #870-D: invalid multibyte character sequence
      lv_label_set_text(ui->main_ulock_label, "      Èï? Êå? Ëß? Èî? ");
..\Middlewares\LVGL\GUI_APP\setup_scr_main.c(431): warning:  #870-D: invalid multibyte character sequence
      lv_label_set_text(ui->main_ulock_label, "      Èï? Êå? Ëß? Èî? ");
..\Middlewares\LVGL\GUI_APP\setup_scr_main.c(483): warning:  #870-D: invalid multibyte character sequence
      lv_label_set_text(ui->main_start_label, " ÂºÄ Âß? Ê≤? Áñ? ");
..\Middlewares\LVGL\GUI_APP\setup_scr_main.c(483): warning:  #870-D: invalid multibyte character sequence
      lv_label_set_text(ui->main_start_label, " ÂºÄ Âß? Ê≤? Áñ? ");
..\Middlewares\LVGL\GUI_APP\setup_scr_main.c(483): warning:  #870-D: invalid multibyte character sequence
      lv_label_set_text(ui->main_start_label, " ÂºÄ Âß? Ê≤? Áñ? ");
..\Middlewares\LVGL\GUI_APP\setup_scr_main.c(664): warning:  #870-D: invalid multibyte character sequence
      lv_label_set_text(ui->main_label_12, "    Ââ©‰ΩôÁîµÈáèÂèØËÉΩÊó†Ê≥ïÊª°Ë∂≥Âç?         Ê¨°Ê≤ªÁñóÔºåËØ∑ÈóÆÊòØÂê¶ÁªßÁª≠Ôº? ");
..\Middlewares\LVGL\GUI_APP\setup_scr_main.c(664): warning:  #870-D: invalid multibyte character sequence
      lv_label_set_text(ui->main_label_12, "    Ââ©‰ΩôÁîµÈáèÂèØËÉΩÊó†Ê≥ïÊª°Ë∂≥Âç?         Ê¨°Ê≤ªÁñóÔºåËØ∑ÈóÆÊòØÂê¶ÁªßÁª≠Ôº? ");
..\Middlewares\LVGL\GUI_APP\setup_scr_main.c(691): warning:  #870-D: invalid multibyte character sequence
      lv_label_set_text(ui->main_btn_1_label, " Êò? ");
..\Middlewares\LVGL\GUI_APP\setup_scr_main.c(715): warning:  #870-D: invalid multibyte character sequence
      lv_label_set_text(ui->main_btn_2_label, " Âê? ");
..\Middlewares\LVGL\GUI_APP\setup_scr_main.c(738): warning:  #870-D: invalid multibyte character sequence
      lv_label_set_text(ui->main_complete, " Ê≤ªÁñóÂ∑≤ÂÆåÊà? ");
..\Middlewares\LVGL\GUI_APP\setup_scr_main.c: 19 warnings, 0 errors
compiling setup_scr_password1.c...
..\Middlewares\LVGL\GUI_APP\setup_scr_password1.c(428): warning:  #870-D: invalid multibyte character sequence
      lv_label_set_text(ui->password1_btn_1_label, "‚¨? ");
..\Middlewares\LVGL\GUI_APP\setup_scr_password1.c: 1 warning, 0 errors
compiling setup_scr_vibra.c...
..\Middlewares\LVGL\GUI_APP\setup_scr_vibra.c(232): warning:  #870-D: invalid multibyte character sequence
      lv_label_set_text(ui->vibra_back_label, " Ëø?     Âõ? ");
..\Middlewares\LVGL\GUI_APP\setup_scr_vibra.c(232): warning:  #870-D: invalid multibyte character sequence
      lv_label_set_text(ui->vibra_back_label, " Ëø?     Âõ? ");
..\Middlewares\LVGL\GUI_APP\setup_scr_vibra.c(257): warning:  #870-D: invalid multibyte character sequence
      lv_label_set_text(ui->vibra_save_label, " ‰ø?     Â≠? ");
..\Middlewares\LVGL\GUI_APP\setup_scr_vibra.c(257): warning:  #870-D: invalid multibyte character sequence
      lv_label_set_text(ui->vibra_save_label, " ‰ø?     Â≠? ");
..\Middlewares\LVGL\GUI_APP\setup_scr_vibra.c: 4 warnings, 0 errors
compiling setup_scr_vibras.c...
..\Middlewares\LVGL\GUI_APP\setup_scr_vibras.c(232): warning:  #870-D: invalid multibyte character sequence
      lv_label_set_text(ui->vibras_back_label, " Ëø?     Âõ? ");
..\Middlewares\LVGL\GUI_APP\setup_scr_vibras.c(232): warning:  #870-D: invalid multibyte character sequence
      lv_label_set_text(ui->vibras_back_label, " Ëø?     Âõ? ");
..\Middlewares\LVGL\GUI_APP\setup_scr_vibras.c(290): warning:  #870-D: invalid multibyte character sequence
      lv_label_set_text(ui->vibras_label_8, " ÂÖ?                 ÂºÄ ");
..\Middlewares\LVGL\GUI_APP\setup_scr_vibras.c: 3 warnings, 0 errors
compiling setup_scr_password2.c...
..\Middlewares\LVGL\GUI_APP\setup_scr_password2.c(404): warning:  #870-D: invalid multibyte character sequence
      lv_label_set_text(ui->password2_label_13, " ËØ∑ËæìÂÖ•Á°ÆËÆ§ÂØÜÁ†? ");
..\Middlewares\LVGL\GUI_APP\setup_scr_password2.c(428): warning:  #870-D: invalid multibyte character sequence
      lv_label_set_text(ui->password2_btn_1_label, " ‚¨? ");
..\Middlewares\LVGL\GUI_APP\setup_scr_password2.c(549): warning:  #870-D: invalid multibyte character sequence
      lv_label_set_text(ui->password2_label_17, " Â∑≤ÈîÅÂÆ? ");
..\Middlewares\LVGL\GUI_APP\setup_scr_password2.c: 3 warnings, 0 errors
compiling widgets_init.c...
compiling lv_gpu_stm32_dma2d.c...
..\Middlewares\LVGL\GUI\lvgl\src\draw\stm32_dma2d\lv_gpu_stm32_dma2d.c(85): warning:  #1215-D: #warning directive: "LVGL can't enable the clock of DMA2D"
  # warning "LVGL can't enable the clock of DMA2D"
..\Middlewares\LVGL\GUI\lvgl\src\draw\stm32_dma2d\lv_gpu_stm32_dma2d.c(323): warning:  #111-D: statement is unreachable
      if(img_dsc->opa <= LV_OPA_MIN) return LV_RES_OK;
..\Middlewares\LVGL\GUI\lvgl\src\draw\stm32_dma2d\lv_gpu_stm32_dma2d.c(771): warning:  #223-D: function "HAL_RCC_GetHCLKFreq" declared implicitly
      uint32_t us = (DWT->CYCCNT * 1000000) / HAL_RCC_GetHCLKFreq();
..\Middlewares\LVGL\GUI\lvgl\src\draw\stm32_dma2d\lv_gpu_stm32_dma2d.c(356): warning:  #177-D: function "lv_gpu_stm32_dma2d_wait_cb"  was declared but never referenced
  LV_STM32_DMA2D_STATIC void lv_gpu_stm32_dma2d_wait_cb(lv_draw_ctx_t * draw_ctx)
..\Middlewares\LVGL\GUI\lvgl\src\draw\stm32_dma2d\lv_gpu_stm32_dma2d.c(318): warning:  #177-D: function "lv_draw_stm32_dma2d_img"  was declared but never referenced
  LV_STM32_DMA2D_STATIC lv_res_t lv_draw_stm32_dma2d_img(lv_draw_ctx_t * draw_ctx, const lv_draw_img_dsc_t * img_dsc,
..\Middlewares\LVGL\GUI\lvgl\src\draw\stm32_dma2d\lv_gpu_stm32_dma2d.c(591): warning:  #177-D: function "_lv_draw_stm32_dma2d_copy_buffer"  was declared but never referenced
  LV_STM32_DMA2D_STATIC void _lv_draw_stm32_dma2d_copy_buffer(const lv_color_t * dest_buf, lv_coord_t dest_stride,
..\Middlewares\LVGL\GUI\lvgl\src\draw\stm32_dma2d\lv_gpu_stm32_dma2d.c(672): warning:  #177-D: function "_lv_gpu_stm32_dma2d_invalidate_cache"  was declared but never referenced
  LV_STM32_DMA2D_STATIC void _lv_gpu_stm32_dma2d_invalidate_cache(uint32_t address, lv_coord_t offset, lv_coord_t width,
..\Middlewares\LVGL\GUI\lvgl\src\draw\stm32_dma2d\lv_gpu_stm32_dma2d.c(736): warning:  #177-D: function "_lv_gpu_stm32_dwt_init"  was declared but never referenced
  LV_STM32_DMA2D_STATIC bool _lv_gpu_stm32_dwt_init(void)
..\Middlewares\LVGL\GUI\lvgl\src\draw\stm32_dma2d\lv_gpu_stm32_dma2d.c(776): warning:  #177-D: function "_lv_gpu_stm32_dwt_reset"  was declared but never referenced
  LV_STM32_DMA2D_STATIC void _lv_gpu_stm32_dwt_reset(void)
..\Middlewares\LVGL\GUI\lvgl\src\draw\stm32_dma2d\lv_gpu_stm32_dma2d.c(769): warning:  #177-D: function "_lv_gpu_stm32_dwt_get_us"  was declared but never referenced
  LV_STM32_DMA2D_STATIC uint32_t _lv_gpu_stm32_dwt_get_us(void)
..\Middlewares\LVGL\GUI\lvgl\src\draw\stm32_dma2d\lv_gpu_stm32_dma2d.c: 10 warnings, 0 errors
compiling _wave1_27x27.c...
compiling _wave2_16x47.c...
compiling _wave3_16x57.c...
compiling _wave4_19x68.c...
compiling _wave5_21x79.c...
compiling _suo_1_58x58.c...
compiling _low_power_61x31.c...
compiling lv_customer_font_Alibaba_25.c...
compiling lv_customer_font_AlibabaMed_50.c...
compiling lv_customer_font_alimama_45.c...
compiling lv_customer_font_alimama_28.c...
compiling lv_customer_font_alimama_60.c...
compiling lv_customer_font_NSHBlack_43.c...
compiling lv_customer_font_alimama_70.c...
compiling lv_customer_font_NSHBold_30.c...
compiling lv_customer_font_NSHBold_36.c...
compiling lv_customer_font_NSHBold_33.c...
compiling lv_customer_font_NSHBold_45.c...
compiling lv_customer_font_NSHBold_60.c...
compiling lv_customer_font_NSHMedium_16.c...
compiling lv_customer_font_NSHMedium_28.c...
compiling lv_customer_font_NSHMedium_40.c...
compiling lv_customer_font_NSHRegular_16.c...
compiling lv_customer_font_NSHRegular_18.c...
compiling lv_customer_font_NSHRegular_24.c...
compiling lv_customer_font_NSHRegular_28.c...
compiling lv_customer_font_NSHRegular_36.c...
compiling lv_customer_font_NSHRegular_48.c...
compiling lv_customer_font_NSHRegular_33.c...
compiling dev_malloc.c...
compiling lv_customer_font_NSHRegular_50.c...
compiling lv_customer_font_NSHRegular_60.c...
compiling lv_customer_font_NSHBold_40.c...
compiling lv_mainstart.c...
compiling events_init.c...
..\Middlewares\LVGL\GUI_APP\events_init.c(1197): warning:  #177-D: variable "pressed"  was declared but never referenced
  	static uint8_t pressed = 0;
..\Middlewares\LVGL\GUI_APP\events_init.c: 1 warning, 0 errors
compiling setup_scr_param.c...
..\Middlewares\LVGL\GUI_APP\setup_scr_param.c(310): warning:  #870-D: invalid multibyte character sequence
      lv_label_set_text(ui->param_label_5, "      Âä?    Áé?:                     W ");
..\Middlewares\LVGL\GUI_APP\setup_scr_param.c(310): warning:  #870-D: invalid multibyte character sequence
      lv_label_set_text(ui->param_label_5, "      Âä?    Áé?:                     W ");
..\Middlewares\LVGL\GUI_APP\setup_scr_param.c(335): warning:  #870-D: invalid multibyte character sequence
      lv_label_set_text(ui->param_label_6, "      Ê∏?    Â∫?:                     ‚Ñ? ");
..\Middlewares\LVGL\GUI_APP\setup_scr_param.c(335): warning:  #870-D: invalid multibyte character sequence
      lv_label_set_text(ui->param_label_6, "      Ê∏?    Â∫?:                     ‚Ñ? ");
..\Middlewares\LVGL\GUI_APP\setup_scr_param.c(335): warning:  #870-D: invalid multibyte character sequence
      lv_label_set_text(ui->param_label_6, "      Ê∏?    Â∫?:                     ‚Ñ? ");
..\Middlewares\LVGL\GUI_APP\setup_scr_param.c(361): warning:  #870-D: invalid multibyte character sequence
      lv_label_set_text(ui->param_back_label, " Ëø?     Âõ? ");
..\Middlewares\LVGL\GUI_APP\setup_scr_param.c(361): warning:  #870-D: invalid multibyte character sequence
      lv_label_set_text(ui->param_back_label, " Ëø?     Âõ? ");
..\Middlewares\LVGL\GUI_APP\setup_scr_param.c(458): warning:  #870-D: invalid multibyte character sequence
      lv_label_set_text(ui->param_btn_1_label, " ‰ø?     Â≠? ");
..\Middlewares\LVGL\GUI_APP\setup_scr_param.c(458): warning:  #870-D: invalid multibyte character sequence
      lv_label_set_text(ui->param_btn_1_label, " ‰ø?     Â≠? ");
..\Middlewares\LVGL\GUI_APP\setup_scr_param.c: 9 warnings, 0 errors
compiling dev_ad9833.c...
compiling dev_mpc5043.c...
..\Devices\App\dev_mpc5043.c(227): warning:  #188-D: enumerated type mixed with another type
  									SendBatteryStateData = BoostBatLevel_work[tag_i];
..\Devices\App\dev_mpc5043.c(230): warning:  #188-D: enumerated type mixed with another type
  									SendBatteryStateData = BoostBatLevel[tag_i];
..\Devices\App\dev_mpc5043.c(250): warning:  #188-D: enumerated type mixed with another type
  					SendBatteryStateData = ChargeBatLevel[tag_i];
..\Devices\App\dev_mpc5043.c(210): warning:  #177-D: variable "battery_level_state"  was declared but never referenced
  		uint8_t battery_level_state = 0;
..\Devices\App\dev_mpc5043.c(215): warning:  #177-D: variable "battery_voltage_data"  was declared but never referenced
  		static uint8_t battery_voltage_data = 0xff;
..\Devices\App\dev_mpc5043.c: 5 warnings, 0 errors
compiling dev_beep.c...
..\Devices\App\dev_beep.c(138): warning:  #1-D: last line of file ends without a newline
  }
..\Devices\App\dev_beep.c: 1 warning, 0 errors
compiling dev_ltdc.c...
compiling dev_touch.c...
compiling dev_sdram.c...
compiling dev_control.c...
..\Devices\App\dev_control.c(96): warning:  #188-D: enumerated type mixed with another type
  		BatLevel_old = ReadBattery;
..\Devices\App\dev_control.c(100): warning:  #188-D: enumerated type mixed with another type
  		BatLevel_old = ReadBattery;
..\Devices\App\dev_control.c(12): warning:  #550-D: variable "u32_FreqParam_A"  was set but never used
  static uint32_t u32_FreqParam_A = 0;	  // AÈÄöÈÅìÈ©±Âä®È¢ëÁéá
..\Devices\App\dev_control.c: 3 warnings, 0 errors
compiling dev_gpio.c...
compiling dev_adc.c...
..\Devices\App\dev_adc.c(128): warning:  #1035-D: single-precision operand implicitly converted to double-precision
  		BatVolTemp = BatVolTemp / 0.9936;
..\Devices\App\dev_adc.c(129): warning:  #1035-D: single-precision operand implicitly converted to double-precision
  		BatVolTemp = BatVolTemp / 0.66385;
..\Devices\App\dev_adc.c: 2 warnings, 0 errors
compiling dev_st7701.c...
compiling dev_flash.c...
compiling dev_gt911.c...
linking...
Program Size: Code=322528 RO-data=518524 RW-data=1532 ZI-data=3085740  
FromELF: creating hex file...
"WeaUltraTherapyLCD\TFB-ULT-100v1.0.0" - 0 Error(s), 97 Warning(s).

<h2>Software Packages used:</h2>

Package Vendor: ARM
                http://www.keil.com/pack/ARM.CMSIS.5.5.1.pack
                ARM.CMSIS.5.5.1
                CMSIS (Cortex Microcontroller Software Interface Standard)
   * Component: CORE Version: 5.2.0

Package Vendor: Keil
                https://www.keil.com/pack/Keil.STM32F4xx_DFP.2.17.1.pack
                Keil.STM32F4xx_DFP.2.17.1
                STMicroelectronics STM32F4 Series Device Support, Drivers and Examples

<h2>Collection of Component include folders:</h2>
  .\RTE\_WeaUltraTherapyLCD
  D:\Arm\Packs\ARM\CMSIS\5.5.1\CMSIS\Core\Include
  D:\Arm\Packs\Keil\STM32F4xx_DFP\2.17.1\Drivers\CMSIS\Device\ST\STM32F4xx\Include

<h2>Collection of Component Files used:</h2>

   * Component: ARM::CMSIS:CORE:5.2.0
Build Time Elapsed:  00:00:59
</pre>
</body>
</html>
