<html>
<body>
<pre>
<h1>µVision Build Log</h1>
<h2>Tool Versions:</h2>
IDE-Version: ¶ÃVision V5.27.1.0
Copyright (C) 2019 ARM Ltd and ARM Germany GmbH. All rights reserved.
License Information: 1 1, 1, LIC=IK1BF-6GBYC-VESHA-1DDPY-Z5PI2-LKTLM
 
Tool Versions:
Toolchain:       MDK-ARM Plus  Version: 5.27.1.0
Toolchain Path:  D:\Keil_v5\ARM\ARMCC\Bin
C Compiler:      Armcc.exe V5.06 update 6 (build 750)
Assembler:       Armasm.exe V5.06 update 6 (build 750)
Linker/Locator:  ArmLink.exe V5.06 update 6 (build 750)
Library Manager: ArmAr.exe V5.06 update 6 (build 750)
Hex Converter:   FromElf.exe V5.06 update 6 (build 750)
CPU DLL:         SARMCM3.DLL V5.27.1.0
Dialog DLL:      DCM.DLL V1.17.2.0
Target DLL:      STLink\ST-LINKIII-KEIL_SWO.dll V3.0.6.0
Dialog DLL:      TCM.DLL V1.36.1.0
 
<h2>Project:</h2>
D:\LiuRen\WearaUltraTherapyLCD_STM32F429ZIT6\MDK-ARM\WeaUltraTherapyLCD.uvprojx
Project File Date:  12/16/2024

<h2>Output:</h2>
*** Using Compiler 'V5.06 update 6 (build 750)', folder: 'D:\Keil_v5\ARM\ARMCC\Bin'
Build target 'WeaUltraTherapyLCD'
compiling fmc.c...
compiling stm32f4xx_it.c...
compiling tim.c...
compiling setup_scr_config.c...
..\Middlewares\LVGL\GUI_APP\setup_scr_config.c(275): warning:  #870-D: invalid multibyte character sequence
      lv_label_set_text(ui->config_lock_on_label, "          Èî?                          ÂÆ? ");
..\Middlewares\LVGL\GUI_APP\setup_scr_config.c(275): warning:  #870-D: invalid multibyte character sequence
      lv_label_set_text(ui->config_lock_on_label, "          Èî?                          ÂÆ? ");
..\Middlewares\LVGL\GUI_APP\setup_scr_config.c(298): warning:  #870-D: invalid multibyte character sequence
      lv_label_set_text(ui->config_back_label, " Ëø?     Âõ? ");
..\Middlewares\LVGL\GUI_APP\setup_scr_config.c(298): warning:  #870-D: invalid multibyte character sequence
      lv_label_set_text(ui->config_back_label, " Ëø?     Âõ? ");
..\Middlewares\LVGL\GUI_APP\setup_scr_config.c(426): warning:  #870-D: invalid multibyte character sequence
      lv_label_set_text(ui->config_label_5, " Ôº? ");
..\Middlewares\LVGL\GUI_APP\setup_scr_config.c(449): warning:  #870-D: invalid multibyte character sequence
      lv_label_set_text(ui->config_label_6, " Ôº? ");
..\Middlewares\LVGL\GUI_APP\setup_scr_config.c(472): warning:  #870-D: invalid multibyte character sequence
      lv_label_set_text(ui->config_label_7, " Ôº? ");
..\Middlewares\LVGL\GUI_APP\setup_scr_config.c(495): warning:  #870-D: invalid multibyte character sequence
      lv_label_set_text(ui->config_label_8, " Ôº? ");
..\Middlewares\LVGL\GUI_APP\setup_scr_config.c: 8 warnings, 0 errors
compiling setup_scr_freq.c...
..\Middlewares\LVGL\GUI_APP\setup_scr_freq.c(206): warning:  #870-D: invalid multibyte character sequence
      lv_label_set_text(ui->freq_back_label, " Ëø?     Âõ? ");
..\Middlewares\LVGL\GUI_APP\setup_scr_freq.c(206): warning:  #870-D: invalid multibyte character sequence
      lv_label_set_text(ui->freq_back_label, " Ëø?     Âõ? ");
..\Middlewares\LVGL\GUI_APP\setup_scr_freq.c(231): warning:  #870-D: invalid multibyte character sequence
      lv_label_set_text(ui->freq_save_label, " ‰ø?     Â≠? ");
..\Middlewares\LVGL\GUI_APP\setup_scr_freq.c(231): warning:  #870-D: invalid multibyte character sequence
      lv_label_set_text(ui->freq_save_label, " ‰ø?     Â≠? ");
..\Middlewares\LVGL\GUI_APP\setup_scr_freq.c: 4 warnings, 0 errors
compiling gpio.c...
compiling usart.c...
compiling setup_scr_light.c...
..\Middlewares\LVGL\GUI_APP\setup_scr_light.c(255): warning:  #870-D: invalid multibyte character sequence
      lv_label_set_text(ui->light_back_label, " Ëø?     Âõ? ");
..\Middlewares\LVGL\GUI_APP\setup_scr_light.c(255): warning:  #870-D: invalid multibyte character sequence
      lv_label_set_text(ui->light_back_label, " Ëø?     Âõ? ");
..\Middlewares\LVGL\GUI_APP\setup_scr_light.c(280): warning:  #870-D: invalid multibyte character sequence
      lv_label_set_text(ui->light_save_label, " ‰ø?     Â≠? ");
..\Middlewares\LVGL\GUI_APP\setup_scr_light.c(280): warning:  #870-D: invalid multibyte character sequence
      lv_label_set_text(ui->light_save_label, " ‰ø?     Â≠? ");
..\Middlewares\LVGL\GUI_APP\setup_scr_light.c: 4 warnings, 0 errors
compiling ltdc.c...
compiling setup_scr_vibra.c...
..\Middlewares\LVGL\GUI_APP\setup_scr_vibra.c(206): warning:  #870-D: invalid multibyte character sequence
      lv_label_set_text(ui->vibra_back_label, " Ëø?     Âõ? ");
..\Middlewares\LVGL\GUI_APP\setup_scr_vibra.c(206): warning:  #870-D: invalid multibyte character sequence
      lv_label_set_text(ui->vibra_back_label, " Ëø?     Âõ? ");
..\Middlewares\LVGL\GUI_APP\setup_scr_vibra.c(231): warning:  #870-D: invalid multibyte character sequence
      lv_label_set_text(ui->vibra_save_label, " ‰ø?     Â≠? ");
..\Middlewares\LVGL\GUI_APP\setup_scr_vibra.c(231): warning:  #870-D: invalid multibyte character sequence
      lv_label_set_text(ui->vibra_save_label, " ‰ø?     Â≠? ");
..\Middlewares\LVGL\GUI_APP\setup_scr_vibra.c: 4 warnings, 0 errors
compiling setup_scr_param.c...
..\Middlewares\LVGL\GUI_APP\setup_scr_param.c(282): warning:  #870-D: invalid multibyte character sequence
      lv_label_set_text(ui->param_label_5, "      Âä?    Áé?:                     W ");
..\Middlewares\LVGL\GUI_APP\setup_scr_param.c(282): warning:  #870-D: invalid multibyte character sequence
      lv_label_set_text(ui->param_label_5, "      Âä?    Áé?:                     W ");
..\Middlewares\LVGL\GUI_APP\setup_scr_param.c(307): warning:  #870-D: invalid multibyte character sequence
      lv_label_set_text(ui->param_label_6, "      Ê∏?    Â∫?:                     ‚Ñ? ");
..\Middlewares\LVGL\GUI_APP\setup_scr_param.c(307): warning:  #870-D: invalid multibyte character sequence
      lv_label_set_text(ui->param_label_6, "      Ê∏?    Â∫?:                     ‚Ñ? ");
..\Middlewares\LVGL\GUI_APP\setup_scr_param.c(307): warning:  #870-D: invalid multibyte character sequence
      lv_label_set_text(ui->param_label_6, "      Ê∏?    Â∫?:                     ‚Ñ? ");
..\Middlewares\LVGL\GUI_APP\setup_scr_param.c(333): warning:  #870-D: invalid multibyte character sequence
      lv_label_set_text(ui->param_back_label, " Ëø?     Âõ? ");
..\Middlewares\LVGL\GUI_APP\setup_scr_param.c(333): warning:  #870-D: invalid multibyte character sequence
      lv_label_set_text(ui->param_back_label, " Ëø?     Âõ? ");
..\Middlewares\LVGL\GUI_APP\setup_scr_param.c(430): warning:  #870-D: invalid multibyte character sequence
      lv_label_set_text(ui->param_btn_1_label, " ‰ø?     Â≠? ");
..\Middlewares\LVGL\GUI_APP\setup_scr_param.c(430): warning:  #870-D: invalid multibyte character sequence
      lv_label_set_text(ui->param_btn_1_label, " ‰ø?     Â≠? ");
..\Middlewares\LVGL\GUI_APP\setup_scr_param.c: 9 warnings, 0 errors
compiling setup_scr_main.c...
..\Middlewares\LVGL\GUI_APP\setup_scr_main.c(249): warning:  #870-D: invalid multibyte character sequence
      lv_label_set_text(ui->main_label_4, " Â£∞ÂäüÁé?: ");
..\Middlewares\LVGL\GUI_APP\setup_scr_main.c(330): warning:  #870-D: invalid multibyte character sequence
      lv_label_set_text(ui->main_stop_label, " ÂÅ? Ê≠? ");
..\Middlewares\LVGL\GUI_APP\setup_scr_main.c(330): warning:  #870-D: invalid multibyte character sequence
      lv_label_set_text(ui->main_stop_label, " ÂÅ? Ê≠? ");
..\Middlewares\LVGL\GUI_APP\setup_scr_main.c(355): warning:  #870-D: invalid multibyte character sequence
      lv_label_set_text(ui->main_pause_label, " Êö? ÂÅ? ");
..\Middlewares\LVGL\GUI_APP\setup_scr_main.c(355): warning:  #870-D: invalid multibyte character sequence
      lv_label_set_text(ui->main_pause_label, " Êö? ÂÅ? ");
..\Middlewares\LVGL\GUI_APP\setup_scr_main.c(380): warning:  #870-D: invalid multibyte character sequence
      lv_label_set_text(ui->main_continue_label, " Áª? Áª? ");
..\Middlewares\LVGL\GUI_APP\setup_scr_main.c(380): warning:  #870-D: invalid multibyte character sequence
      lv_label_set_text(ui->main_continue_label, " Áª? Áª? ");
..\Middlewares\LVGL\GUI_APP\setup_scr_main.c(405): warning:  #870-D: invalid multibyte character sequence
      lv_label_set_text(ui->main_ulock_label, "      Èï? Êå? Ëß? Èî? ");
..\Middlewares\LVGL\GUI_APP\setup_scr_main.c(405): warning:  #870-D: invalid multibyte character sequence
      lv_label_set_text(ui->main_ulock_label, "      Èï? Êå? Ëß? Èî? ");
..\Middlewares\LVGL\GUI_APP\setup_scr_main.c(405): warning:  #870-D: invalid multibyte character sequence
      lv_label_set_text(ui->main_ulock_label, "      Èï? Êå? Ëß? Èî? ");
..\Middlewares\LVGL\GUI_APP\setup_scr_main.c(405): warning:  #870-D: invalid multibyte character sequence
      lv_label_set_text(ui->main_ulock_label, "      Èï? Êå? Ëß? Èî? ");
..\Middlewares\LVGL\GUI_APP\setup_scr_main.c(457): warning:  #870-D: invalid multibyte character sequence
      lv_label_set_text(ui->main_start_label, " ÂºÄ Âß? Ê≤? Áñ? ");
..\Middlewares\LVGL\GUI_APP\setup_scr_main.c(457): warning:  #870-D: invalid multibyte character sequence
      lv_label_set_text(ui->main_start_label, " ÂºÄ Âß? Ê≤? Áñ? ");
..\Middlewares\LVGL\GUI_APP\setup_scr_main.c(457): warning:  #870-D: invalid multibyte character sequence
      lv_label_set_text(ui->main_start_label, " ÂºÄ Âß? Ê≤? Áñ? ");
..\Middlewares\LVGL\GUI_APP\setup_scr_main.c(638): warning:  #870-D: invalid multibyte character sequence
      lv_label_set_text(ui->main_label_12, "    Ââ©‰ΩôÁîµÈáèÂèØËÉΩÊó†Ê≥ïÊª°Ë∂≥Âç?         Ê¨°Ê≤ªÁñóÔºåËØ∑ÈóÆÊòØÂê¶ÁªßÁª≠Ôº? ");
..\Middlewares\LVGL\GUI_APP\setup_scr_main.c(638): warning:  #870-D: invalid multibyte character sequence
      lv_label_set_text(ui->main_label_12, "    Ââ©‰ΩôÁîµÈáèÂèØËÉΩÊó†Ê≥ïÊª°Ë∂≥Âç?         Ê¨°Ê≤ªÁñóÔºåËØ∑ÈóÆÊòØÂê¶ÁªßÁª≠Ôº? ");
..\Middlewares\LVGL\GUI_APP\setup_scr_main.c(665): warning:  #870-D: invalid multibyte character sequence
      lv_label_set_text(ui->main_btn_1_label, " Êò? ");
..\Middlewares\LVGL\GUI_APP\setup_scr_main.c(689): warning:  #870-D: invalid multibyte character sequence
      lv_label_set_text(ui->main_btn_2_label, " Âê? ");
..\Middlewares\LVGL\GUI_APP\setup_scr_main.c(712): warning:  #870-D: invalid multibyte character sequence
      lv_label_set_text(ui->main_complete, " Ê≤ªÁñóÂ∑≤ÂÆåÊà? ");
..\Middlewares\LVGL\GUI_APP\setup_scr_main.c: 19 warnings, 0 errors
compiling stm32f4xx_hal_msp.c...
compiling setup_scr_vibras.c...
..\Middlewares\LVGL\GUI_APP\setup_scr_vibras.c(206): warning:  #870-D: invalid multibyte character sequence
      lv_label_set_text(ui->vibras_back_label, " Ëø?     Âõ? ");
..\Middlewares\LVGL\GUI_APP\setup_scr_vibras.c(206): warning:  #870-D: invalid multibyte character sequence
      lv_label_set_text(ui->vibras_back_label, " Ëø?     Âõ? ");
..\Middlewares\LVGL\GUI_APP\setup_scr_vibras.c(264): warning:  #870-D: invalid multibyte character sequence
      lv_label_set_text(ui->vibras_label_8, " ÂÖ?                 ÂºÄ ");
..\Middlewares\LVGL\GUI_APP\setup_scr_vibras.c: 3 warnings, 0 errors
compiling dma2d.c...
compiling adc.c...
compiling lv_port_indev_template.c...
compiling dma.c...
compiling freertos.c...
compiling main.c...
compiling lv_port_disp_template.c...
compiling events_init.c...
..\Middlewares\LVGL\GUI_APP\events_init.c(109): warning:  #111-D: statement is unreachable
  	break;
..\Middlewares\LVGL\GUI_APP\events_init.c: 1 warning, 0 errors
compiling dev_gt911.c...
compiling dev_sdram.c...
compiling dev_touch.c...
compiling dev_ad9833.c...
compiling dev_control.c...
..\Devices\App\dev_control.c(89): warning:  #188-D: enumerated type mixed with another type
  			SendBatteryStateData = ReadBattery;
..\Devices\App\dev_control.c(92): warning:  #188-D: enumerated type mixed with another type
  			SendBatteryStateData = ReadBattery;
..\Devices\App\dev_control.c(13): warning:  #550-D: variable "WorkFinFlg"  was set but never used
  static uint8_t WorkFinFlg = 0;			  // Â∑•‰ΩúÁªìÊùüÊ†áÂøó
..\Devices\App\dev_control.c: 3 warnings, 0 errors
compiling dev_ltdc.c...
..\Devices\Screen\dev_ltdc.c(143): warning:  #550-D: variable "fillw"  was set but never used
  		uint16_t fillw,fillh;
..\Devices\Screen\dev_ltdc.c(143): warning:  #550-D: variable "fillh"  was set but never used
  		uint16_t fillw,fillh;
..\Devices\Screen\dev_ltdc.c(144): warning:  #550-D: variable "x"  was set but never used
  		uint16_t x,y,i,j;
..\Devices\Screen\dev_ltdc.c(144): warning:  #550-D: variable "y"  was set but never used
  		uint16_t x,y,i,j;
..\Devices\Screen\dev_ltdc.c: 4 warnings, 0 errors
compiling dev_mpc5043.c...
..\Devices\App\dev_mpc5043.c(20): warning:  #177-D: variable "battery_level_state"  was declared but never referenced
  	uint8_t battery_level_state = 0;
..\Devices\App\dev_mpc5043.c(21): warning:  #177-D: variable "battery_voltage_data"  was declared but never referenced
  	static uint8_t	battery_voltage_data = 0xff;
..\Devices\App\dev_mpc5043.c: 2 warnings, 0 errors
compiling dev_flash.c...
compiling dev_adc.c...
..\Devices\App\dev_adc.c(128): warning:  #1035-D: single-precision operand implicitly converted to double-precision
  		BatVolTemp = BatVolTemp / 0.9936;
..\Devices\App\dev_adc.c(129): warning:  #1035-D: single-precision operand implicitly converted to double-precision
  		BatVolTemp = BatVolTemp / 0.66385;
..\Devices\App\dev_adc.c(286): warning:  #188-D: enumerated type mixed with another type
  		SendBatteryStateData = BatLevel;
..\Devices\App\dev_adc.c(352): warning:  #188-D: enumerated type mixed with another type
  						SendBatteryStateData = BatLevel_old;
..\Devices\App\dev_adc.c(355): warning:  #188-D: enumerated type mixed with another type
  						SendBatteryStateData = BatLevel_old;
..\Devices\App\dev_adc.c(384): warning:  #188-D: enumerated type mixed with another type
  							SendBatteryStateData = BatLevel_old;
..\Devices\App\dev_adc.c(392): warning:  #188-D: enumerated type mixed with another type
  							SendBatteryStateData = BatLevel_old;
..\Devices\App\dev_adc.c(399): warning:  #188-D: enumerated type mixed with another type
  				SendBatteryStateData = BatLevel_old;
..\Devices\App\dev_adc.c: 8 warnings, 0 errors
compiling dev_gpio.c...
compiling dev_beep.c...
compiling dev_st7701.c...
compiling lv_mainstart.c...
..\Middlewares\LVGL\GUI_APP\lv_mainstart.c(80): warning:  #177-D: variable "id"  was declared but never referenced
  	uint8_t id = 0;
..\Middlewares\LVGL\GUI_APP\lv_mainstart.c(133): warning:  #177-D: variable "Send_Val"  was declared but never referenced
  	static uint8_t Send_Val = 0;
..\Middlewares\LVGL\GUI_APP\lv_mainstart.c(135): warning:  #177-D: variable "ChargeFlg"  was declared but never referenced
  	static uint8_t ChargeFlg = 0;
..\Middlewares\LVGL\GUI_APP\lv_mainstart.c(59): warning:  #177-D: variable "LowBatteryFlg"  was declared but never referenced
  static uint8_t LowBatteryFlg = 0; // ‰ΩéÁîµÈáèÊ†áÂøó‰Ωç
..\Middlewares\LVGL\GUI_APP\lv_mainstart.c(61): warning:  #177-D: variable "ClickTime"  was declared but never referenced
  static uint16_t ClickTime = 0;	  // ÁÇπÂáªÊó∂Èó¥
..\Middlewares\LVGL\GUI_APP\lv_mainstart.c: 5 warnings, 0 errors
linking...
Program Size: Code=317192 RO-data=513024 RW-data=1432 ZI-data=3085424  
FromELF: creating hex file...
"WeaUltraTherapyLCD\TFB-ULT-v1.0.0" - 0 Error(s), 74 Warning(s).

<h2>Software Packages used:</h2>

Package Vendor: ARM
                http://www.keil.com/pack/ARM.CMSIS.5.5.1.pack
                ARM.CMSIS.5.5.1
                CMSIS (Cortex Microcontroller Software Interface Standard)
   * Component: CORE Version: 5.2.0

Package Vendor: Keil
                https://www.keil.com/pack/Keil.STM32F4xx_DFP.2.17.1.pack
                Keil.STM32F4xx_DFP.2.17.1
                STMicroelectronics STM32F4 Series Device Support, Drivers and Examples

<h2>Collection of Component include folders:</h2>
  .\RTE\_WeaUltraTherapyLCD
  D:\Arm\Packs\ARM\CMSIS\5.5.1\CMSIS\Core\Include
  D:\Arm\Packs\Keil\STM32F4xx_DFP\2.17.1\Drivers\CMSIS\Device\ST\STM32F4xx\Include

<h2>Collection of Component Files used:</h2>

   * Component: ARM::CMSIS:CORE:5.2.0
Build Time Elapsed:  00:00:25
</pre>
</body>
</html>
