<html>
<body>
<pre>
<h1>µVision Build Log</h1>
<h2>Tool Versions:</h2>
IDE-Version: ¦ÌVision V5.27.1.0
Copyright (C) 2019 ARM Ltd and ARM Germany GmbH. All rights reserved.
License Information: 1 1, 1, LIC=IK1BF-6GBYC-VESHA-1DDPY-Z5PI2-LKTLM
 
Tool Versions:
Toolchain:       MDK-ARM Plus  Version: 5.27.1.0
Toolchain Path:  D:\Keil_v5\ARM\ARMCC\Bin
C Compiler:      Armcc.exe V5.06 update 6 (build 750)
Assembler:       Armasm.exe V5.06 update 6 (build 750)
Linker/Locator:  ArmLink.exe V5.06 update 6 (build 750)
Library Manager: ArmAr.exe V5.06 update 6 (build 750)
Hex Converter:   FromElf.exe V5.06 update 6 (build 750)
CPU DLL:         SARMCM3.DLL V5.27.1.0
Dialog DLL:      DCM.DLL V1.17.2.0
Target DLL:      STLink\ST-LINKIII-KEIL_SWO.dll V3.0.6.0
Dialog DLL:      TCM.DLL V1.36.1.0
 
<h2>Project:</h2>
C:\Users\15754\Desktop\WearaUltraTherapy_ULT200 (1)\MDK-ARM\WeaUltraTherapyLCD.uvprojx
Project File Date:  01/06/2025

<h2>Output:</h2>
*** Using Compiler 'V5.06 update 6 (build 750)', folder: 'D:\Keil_v5\ARM\ARMCC\Bin'
Build target 'WeaUltraTherapyLCD'
compiling dev_control.c...
..\Devices\App\dev_control.c(96): warning:  #188-D: enumerated type mixed with another type
  		BatLevel_old = ReadBattery;
..\Devices\App\dev_control.c(100): warning:  #188-D: enumerated type mixed with another type
  		BatLevel_old = ReadBattery;
..\Devices\App\dev_control.c(12): warning:  #550-D: variable "u32_FreqParam_A"  was set but never used
  static uint32_t u32_FreqParam_A = 0;	  // Aé€šé“é©±åŠ¨é¢‘çŽ‡
..\Devices\App\dev_control.c: 3 warnings, 0 errors
compiling setup_scr_param.c...
..\Middlewares\LVGL\GUI_APP\setup_scr_param.c(310): warning:  #870-D: invalid multibyte character sequence
      lv_label_set_text(ui->param_label_5, "      åŠ?    çŽ?:                     W ");
..\Middlewares\LVGL\GUI_APP\setup_scr_param.c(310): warning:  #870-D: invalid multibyte character sequence
      lv_label_set_text(ui->param_label_5, "      åŠ?    çŽ?:                     W ");
..\Middlewares\LVGL\GUI_APP\setup_scr_param.c(335): warning:  #870-D: invalid multibyte character sequence
      lv_label_set_text(ui->param_label_6, "      æ¸?    åº?:                     â„? ");
..\Middlewares\LVGL\GUI_APP\setup_scr_param.c(335): warning:  #870-D: invalid multibyte character sequence
      lv_label_set_text(ui->param_label_6, "      æ¸?    åº?:                     â„? ");
..\Middlewares\LVGL\GUI_APP\setup_scr_param.c(335): warning:  #870-D: invalid multibyte character sequence
      lv_label_set_text(ui->param_label_6, "      æ¸?    åº?:                     â„? ");
..\Middlewares\LVGL\GUI_APP\setup_scr_param.c(361): warning:  #870-D: invalid multibyte character sequence
      lv_label_set_text(ui->param_back_label, " è¿?     å›? ");
..\Middlewares\LVGL\GUI_APP\setup_scr_param.c(361): warning:  #870-D: invalid multibyte character sequence
      lv_label_set_text(ui->param_back_label, " è¿?     å›? ");
..\Middlewares\LVGL\GUI_APP\setup_scr_param.c(458): warning:  #870-D: invalid multibyte character sequence
      lv_label_set_text(ui->param_btn_1_label, " ä¿?     å­? ");
..\Middlewares\LVGL\GUI_APP\setup_scr_param.c(458): warning:  #870-D: invalid multibyte character sequence
      lv_label_set_text(ui->param_btn_1_label, " ä¿?     å­? ");
..\Middlewares\LVGL\GUI_APP\setup_scr_param.c: 9 warnings, 0 errors
linking...
Program Size: Code=322524 RO-data=518524 RW-data=1532 ZI-data=3085740  
FromELF: creating hex file...
"WeaUltraTherapyLCD\TFB-ULT-v1.0.0" - 0 Error(s), 12 Warning(s).

<h2>Software Packages used:</h2>

Package Vendor: ARM
                http://www.keil.com/pack/ARM.CMSIS.5.5.1.pack
                ARM.CMSIS.5.5.1
                CMSIS (Cortex Microcontroller Software Interface Standard)
   * Component: CORE Version: 5.2.0

Package Vendor: Keil
                https://www.keil.com/pack/Keil.STM32F4xx_DFP.2.17.1.pack
                Keil.STM32F4xx_DFP.2.17.1
                STMicroelectronics STM32F4 Series Device Support, Drivers and Examples

<h2>Collection of Component include folders:</h2>
  .\RTE\_WeaUltraTherapyLCD
  D:\Arm\Packs\ARM\CMSIS\5.5.1\CMSIS\Core\Include
  D:\Arm\Packs\Keil\STM32F4xx_DFP\2.17.1\Drivers\CMSIS\Device\ST\STM32F4xx\Include

<h2>Collection of Component Files used:</h2>

   * Component: ARM::CMSIS:CORE:5.2.0
Build Time Elapsed:  00:00:10
</pre>
</body>
</html>
