<html>
<body>
<pre>
<h1>�Vision Build Log</h1>
<h2>Tool Versions:</h2>
IDE-Version: ��Vision V5.27.1.0
Copyright (C) 2019 ARM Ltd and ARM Germany GmbH. All rights reserved.
License Information: 1 1, 1, LIC=IK1BF-6GBYC-VESHA-1DDPY-Z5PI2-LKTLM
 
Tool Versions:
Toolchain:       MDK-ARM Plus  Version: 5.27.1.0
Toolchain Path:  D:\Keil_v5\ARM\ARMCC\Bin
C Compiler:      Armcc.exe V5.06 update 6 (build 750)
Assembler:       Armasm.exe V5.06 update 6 (build 750)
Linker/Locator:  ArmLink.exe V5.06 update 6 (build 750)
Library Manager: ArmAr.exe V5.06 update 6 (build 750)
Hex Converter:   FromElf.exe V5.06 update 6 (build 750)
CPU DLL:         SARMCM3.DLL V5.27.1.0
Dialog DLL:      DCM.DLL V1.17.2.0
Target DLL:      STLink\ST-LINKIII-KEIL_SWO.dll V3.0.6.0
Dialog DLL:      TCM.DLL V1.36.1.0
 
<h2>Project:</h2>
D:\Keil_Project\WeaUltraTherapyLCD\MDK-ARM\WeaUltraTherapyLCD.uvprojx
Project File Date:  11/19/2024

<h2>Output:</h2>
*** Using Compiler 'V5.06 update 6 (build 750)', folder: 'D:\Keil_v5\ARM\ARMCC\Bin'
Build target 'WeaUltraTherapyLCD'
compiling events_init.c...
..\Middlewares\LVGL\GUI_APP\events_init.c(101): warning:  #111-D: statement is unreachable
  	break;
..\Middlewares\LVGL\GUI_APP\events_init.c: 1 warning, 0 errors
compiling lv_mainstart.c...
..\Middlewares\LVGL\GUI_APP\lv_mainstart.c(80): warning:  #177-D: variable "id"  was declared but never referenced
  	uint8_t id = 0;
..\Middlewares\LVGL\GUI_APP\lv_mainstart.c(134): warning:  #177-D: variable "Send_Val"  was declared but never referenced
  	static uint8_t Send_Val = 0;
..\Middlewares\LVGL\GUI_APP\lv_mainstart.c(136): warning:  #177-D: variable "ChargeFlg"  was declared but never referenced
  	static uint8_t ChargeFlg = 0;
..\Middlewares\LVGL\GUI_APP\lv_mainstart.c(130): warning:  #177-D: function "Screen_Charge"  was declared but never referenced
  static void Screen_Charge(void)
..\Middlewares\LVGL\GUI_APP\lv_mainstart.c(59): warning:  #177-D: variable "LowBatteryFlg"  was declared but never referenced
  static uint8_t LowBatteryFlg = 0; // 低电量标志位
..\Middlewares\LVGL\GUI_APP\lv_mainstart.c(61): warning:  #177-D: variable "ClickTime"  was declared but never referenced
  static uint16_t ClickTime = 0;	  // 点击时间
..\Middlewares\LVGL\GUI_APP\lv_mainstart.c: 6 warnings, 0 errors
linking...
Program Size: Code=311068 RO-data=508060 RW-data=1440 ZI-data=3085992  
FromELF: creating hex file...
"WeaUltraTherapyLCD\WeaUltraTherapyLCD.axf" - 0 Error(s), 7 Warning(s).

<h2>Software Packages used:</h2>

Package Vendor: ARM
                http://www.keil.com/pack/ARM.CMSIS.5.5.1.pack
                ARM.CMSIS.5.5.1
                CMSIS (Cortex Microcontroller Software Interface Standard)
   * Component: CORE Version: 5.2.0

Package Vendor: Keil
                https://www.keil.com/pack/Keil.STM32F4xx_DFP.2.17.1.pack
                Keil.STM32F4xx_DFP.2.17.1
                STMicroelectronics STM32F4 Series Device Support, Drivers and Examples

<h2>Collection of Component include folders:</h2>
  .\RTE\_WeaUltraTherapyLCD
  D:\Arm\Packs\ARM\CMSIS\5.5.1\CMSIS\Core\Include
  D:\Arm\Packs\Keil\STM32F4xx_DFP\2.17.1\Drivers\CMSIS\Device\ST\STM32F4xx\Include

<h2>Collection of Component Files used:</h2>

   * Component: ARM::CMSIS:CORE:5.2.0
Build Time Elapsed:  00:00:07
</pre>
</body>
</html>
